// Jest Snapshot v1, https://goo.gl/fbAQLP

exports[`when querying for a memory match round: fetch by Id when the user is unauthenticated when there is a memory match round with the given ID when the round is public should return the expected response 1`] = `
{
  "cardBackImageId": "9b1deb4d-3b7d-4bad-9bdd-2b0d7b100022",
  "cardbackImageUrl": "http://localhost:3113/api/resources/mediaItems/download/9b1deb4d-3b7d-4bad-9bdd-2b0d7b100022",
  "cards": [
    {
      "audioId": "9b1deb4d-3b7d-4bad-9bdd-2b0d7b100201",
      "imageId": "9b1deb4d-3b7d-4bad-9bdd-2b0d7b100101",
      "sequenceNumber": 1,
      "text": {
        "items": [
          {
            "languageCode": "en",
            "role": "original",
            "text": "Card #1",
          },
        ],
      },
    },
    {
      "audioId": "9b1deb4d-3b7d-4bad-9bdd-2b0d7b100202",
      "imageId": "9b1deb4d-3b7d-4bad-9bdd-2b0d7b100102",
      "sequenceNumber": 2,
      "text": {
        "items": [
          {
            "languageCode": "en",
            "role": "original",
            "text": "Card #2",
          },
        ],
      },
    },
    {
      "audioId": "9b1deb4d-3b7d-4bad-9bdd-2b0d7b100203",
      "imageId": "9b1deb4d-3b7d-4bad-9bdd-2b0d7b100103",
      "sequenceNumber": 3,
      "text": {
        "items": [
          {
            "languageCode": "en",
            "role": "original",
            "text": "Card #3",
          },
        ],
      },
    },
    {
      "audioId": "9b1deb4d-3b7d-4bad-9bdd-2b0d7b100204",
      "imageId": "9b1deb4d-3b7d-4bad-9bdd-2b0d7b100104",
      "sequenceNumber": 4,
      "text": {
        "items": [
          {
            "languageCode": "en",
            "role": "original",
            "text": "Card #4",
          },
        ],
      },
    },
    {
      "audioId": "9b1deb4d-3b7d-4bad-9bdd-2b0d7b100205",
      "imageId": "9b1deb4d-3b7d-4bad-9bdd-2b0d7b100105",
      "sequenceNumber": 5,
      "text": {
        "items": [
          {
            "languageCode": "en",
            "role": "original",
            "text": "Card #5",
          },
        ],
      },
    },
    {
      "audioId": "9b1deb4d-3b7d-4bad-9bdd-2b0d7b100206",
      "imageId": "9b1deb4d-3b7d-4bad-9bdd-2b0d7b100106",
      "sequenceNumber": 6,
      "text": {
        "items": [
          {
            "languageCode": "en",
            "role": "original",
            "text": "Card #6",
          },
        ],
      },
    },
    {
      "audioId": "9b1deb4d-3b7d-4bad-9bdd-2b0d7b100207",
      "imageId": "9b1deb4d-3b7d-4bad-9bdd-2b0d7b100107",
      "sequenceNumber": 7,
      "text": {
        "items": [
          {
            "languageCode": "en",
            "role": "original",
            "text": "Card #7",
          },
        ],
      },
    },
    {
      "audioId": "9b1deb4d-3b7d-4bad-9bdd-2b0d7b100208",
      "imageId": "9b1deb4d-3b7d-4bad-9bdd-2b0d7b100108",
      "sequenceNumber": 8,
      "text": {
        "items": [
          {
            "languageCode": "en",
            "role": "original",
            "text": "Card #8",
          },
        ],
      },
    },
    {
      "audioId": "9b1deb4d-3b7d-4bad-9bdd-2b0d7b100209",
      "imageId": "9b1deb4d-3b7d-4bad-9bdd-2b0d7b100109",
      "sequenceNumber": 9,
      "text": {
        "items": [
          {
            "languageCode": "en",
            "role": "original",
            "text": "Card #9",
          },
        ],
      },
    },
    {
      "audioId": "9b1deb4d-3b7d-4bad-9bdd-2b0d7b100210",
      "imageId": "9b1deb4d-3b7d-4bad-9bdd-2b0d7b100110",
      "sequenceNumber": 10,
      "text": {
        "items": [
          {
            "languageCode": "en",
            "role": "original",
            "text": "Card #10",
          },
        ],
      },
    },
    {
      "audioId": "9b1deb4d-3b7d-4bad-9bdd-2b0d7b100211",
      "imageId": "9b1deb4d-3b7d-4bad-9bdd-2b0d7b100111",
      "sequenceNumber": 11,
      "text": {
        "items": [
          {
            "languageCode": "en",
            "role": "original",
            "text": "Card #11",
          },
        ],
      },
    },
    {
      "audioId": "9b1deb4d-3b7d-4bad-9bdd-2b0d7b100212",
      "imageId": "9b1deb4d-3b7d-4bad-9bdd-2b0d7b100112",
      "sequenceNumber": 12,
      "text": {
        "items": [
          {
            "languageCode": "en",
            "role": "original",
            "text": "Card #12",
          },
        ],
      },
    },
  ],
  "compiledBy": [],
  "contributors": [],
  "description": {
    "items": [
      {
        "languageCode": "en",
        "role": "original",
        "text": "the best memory match round ever!",
      },
    ],
  },
  "id": "9b1deb4d-3b7d-4bad-9bdd-2b0d7b100034",
  "isPublished": true,
  "name": {
    "items": [
      {
        "languageCode": "en",
        "role": "original",
        "text": "test memory match round name",
      },
    ],
  },
  "size": 12,
}
`;

exports[`when querying for a memory match: fetch by Id when the user is unauthenticated when there is a memory match round with the given ID when the round is public should return the expected response 1`] = `
{
  "cardBackImageId": "9b1deb4d-3b7d-4bad-9bdd-2b0d7b100022",
  "cardbackImageUrl": "http://localhost:3113/api/resources/mediaItems/download/9b1deb4d-3b7d-4bad-9bdd-2b0d7b100022",
  "cards": [
    {
      "audioId": "9b1deb4d-3b7d-4bad-9bdd-2b0d7b100201",
      "imageId": "9b1deb4d-3b7d-4bad-9bdd-2b0d7b100101",
      "sequenceNumber": 1,
      "text": {
        "items": [
          {
            "languageCode": "en",
            "role": "original",
            "text": "Card #1",
          },
        ],
      },
    },
    {
      "audioId": "9b1deb4d-3b7d-4bad-9bdd-2b0d7b100202",
      "imageId": "9b1deb4d-3b7d-4bad-9bdd-2b0d7b100102",
      "sequenceNumber": 2,
      "text": {
        "items": [
          {
            "languageCode": "en",
            "role": "original",
            "text": "Card #2",
          },
        ],
      },
    },
    {
      "audioId": "9b1deb4d-3b7d-4bad-9bdd-2b0d7b100203",
      "imageId": "9b1deb4d-3b7d-4bad-9bdd-2b0d7b100103",
      "sequenceNumber": 3,
      "text": {
        "items": [
          {
            "languageCode": "en",
            "role": "original",
            "text": "Card #3",
          },
        ],
      },
    },
    {
      "audioId": "9b1deb4d-3b7d-4bad-9bdd-2b0d7b100204",
      "imageId": "9b1deb4d-3b7d-4bad-9bdd-2b0d7b100104",
      "sequenceNumber": 4,
      "text": {
        "items": [
          {
            "languageCode": "en",
            "role": "original",
            "text": "Card #4",
          },
        ],
      },
    },
    {
      "audioId": "9b1deb4d-3b7d-4bad-9bdd-2b0d7b100205",
      "imageId": "9b1deb4d-3b7d-4bad-9bdd-2b0d7b100105",
      "sequenceNumber": 5,
      "text": {
        "items": [
          {
            "languageCode": "en",
            "role": "original",
            "text": "Card #5",
          },
        ],
      },
    },
    {
      "audioId": "9b1deb4d-3b7d-4bad-9bdd-2b0d7b100206",
      "imageId": "9b1deb4d-3b7d-4bad-9bdd-2b0d7b100106",
      "sequenceNumber": 6,
      "text": {
        "items": [
          {
            "languageCode": "en",
            "role": "original",
            "text": "Card #6",
          },
        ],
      },
    },
    {
      "audioId": "9b1deb4d-3b7d-4bad-9bdd-2b0d7b100207",
      "imageId": "9b1deb4d-3b7d-4bad-9bdd-2b0d7b100107",
      "sequenceNumber": 7,
      "text": {
        "items": [
          {
            "languageCode": "en",
            "role": "original",
            "text": "Card #7",
          },
        ],
      },
    },
    {
      "audioId": "9b1deb4d-3b7d-4bad-9bdd-2b0d7b100208",
      "imageId": "9b1deb4d-3b7d-4bad-9bdd-2b0d7b100108",
      "sequenceNumber": 8,
      "text": {
        "items": [
          {
            "languageCode": "en",
            "role": "original",
            "text": "Card #8",
          },
        ],
      },
    },
    {
      "audioId": "9b1deb4d-3b7d-4bad-9bdd-2b0d7b100209",
      "imageId": "9b1deb4d-3b7d-4bad-9bdd-2b0d7b100109",
      "sequenceNumber": 9,
      "text": {
        "items": [
          {
            "languageCode": "en",
            "role": "original",
            "text": "Card #9",
          },
        ],
      },
    },
    {
      "audioId": "9b1deb4d-3b7d-4bad-9bdd-2b0d7b100210",
      "imageId": "9b1deb4d-3b7d-4bad-9bdd-2b0d7b100110",
      "sequenceNumber": 10,
      "text": {
        "items": [
          {
            "languageCode": "en",
            "role": "original",
            "text": "Card #10",
          },
        ],
      },
    },
    {
      "audioId": "9b1deb4d-3b7d-4bad-9bdd-2b0d7b100211",
      "imageId": "9b1deb4d-3b7d-4bad-9bdd-2b0d7b100111",
      "sequenceNumber": 11,
      "text": {
        "items": [
          {
            "languageCode": "en",
            "role": "original",
            "text": "Card #11",
          },
        ],
      },
    },
    {
      "audioId": "9b1deb4d-3b7d-4bad-9bdd-2b0d7b100212",
      "imageId": "9b1deb4d-3b7d-4bad-9bdd-2b0d7b100112",
      "sequenceNumber": 12,
      "text": {
        "items": [
          {
            "languageCode": "en",
            "role": "original",
            "text": "Card #12",
          },
        ],
      },
    },
  ],
  "compiledBy": [],
  "contributors": [],
  "description": {
    "items": [
      {
        "languageCode": "en",
        "role": "original",
        "text": "the best memory match round ever!",
      },
    ],
  },
  "id": "9b1deb4d-3b7d-4bad-9bdd-2b0d7b100034",
  "isPublished": true,
  "name": {
    "items": [
      {
        "languageCode": "en",
        "role": "original",
        "text": "test memory match round name",
      },
    ],
  },
  "size": 12,
}
`;
