// Jest Snapshot v1, https://goo.gl/fbAQLP

exports[`buildCommandForm should return the expected result 1`] = `
{
  "fields": [
    {
      "constraints": [
        {
          "message": "must be a non-empty string",
          "name": "non-empty string",
        },
      ],
      "description": "title of the media item in the language",
      "label": "title (language)",
      "name": "title",
      "type": "TEXT_FIELD",
    },
    {
      "constraints": [
        {
          "message": "must be a URL",
          "name": "URL",
        },
        {
          "message": "must be a defined value",
          "name": "defined value",
        },
      ],
      "description": "a web URL link to a digital version of this media item for playback",
      "label": "audio link",
      "name": "url",
      "type": "TEXT_FIELD",
    },
    {
      "constraints": [
        {
          "message": "Must be a valid \${propertyLabel}",
          "name": "IS_ENUM",
        },
        {
          "message": "Required",
          "name": "defined value",
        },
      ],
      "description": "technical specification of the type of media item",
      "label": "MIME Type",
      "name": "mimeType",
      "options": [
        {
          "display": "png",
          "value": "image/png",
        },
        {
          "display": "mp3",
          "value": "audio/mpeg",
        },
        {
          "display": "wav",
          "value": "audio/x-wav",
        },
        {
          "display": "audioOgg",
          "value": "audio/ogg",
        },
        {
          "display": "mp4",
          "value": "video/mp4",
        },
        {
          "display": "videoOgg",
          "value": "video/ogg",
        },
        {
          "display": "videoWebm",
          "value": "video/webm",
        },
      ],
      "type": "STATIC_SELECT",
    },
    {
      "constraints": [
        {
          "message": "must be a non-negative number",
          "name": "non-negative number",
        },
        {
          "message": "must be a finite number",
          "name": "finite number",
        },
      ],
      "description": "the length of the media item in milliseconds (audio or video only)",
      "label": "length (ms)",
      "name": "lengthMilliseconds",
      "type": "NUMERIC_INPUT",
    },
    {
      "constraints": [
        {
          "message": "must be a non-negative number",
          "name": "non-negative number",
        },
        {
          "message": "must be a finite number",
          "name": "finite number",
        },
      ],
      "description": "the height of the media item in pixels",
      "label": "height (px)",
      "name": "heightPx",
      "type": "NUMERIC_INPUT",
    },
    {
      "constraints": [
        {
          "message": "must be a non-negative number",
          "name": "non-negative number",
        },
        {
          "message": "must be a finite number",
          "name": "finite number",
        },
      ],
      "description": "the width of the media item in pixels",
      "label": "width (px)",
      "name": "widthPx",
      "type": "NUMERIC_INPUT",
    },
  ],
  "prepopulatedFields": {},
}
`;
