// Jest Snapshot v1, https://goo.gl/fbAQLP

exports[`buildTreeFromNodes when given a valid tree should return the expected result 1`] = `
{
  "children": [
    {
      "children": [
        {
          "children": [
            {
              "children": [
                {
                  "children": [],
                  "id": "9b1deb4d-3b7d-4bad-9bdd-2b0d7b110008",
                  "label": "wolves",
                  "members": [
                    {
                      "id": "9b1deb4d-3b7d-4bad-9bdd-2b0d7b110101",
                      "type": "spatialFeature",
                    },
                  ],
                },
                {
                  "children": [],
                  "id": "9b1deb4d-3b7d-4bad-9bdd-2b0d7b110010",
                  "label": "domestic dogs",
                  "members": [
                    {
                      "id": "9b1deb4d-3b7d-4bad-9bdd-2b0d7b110001",
                      "type": "photograph",
                    },
                  ],
                },
              ],
              "id": "9b1deb4d-3b7d-4bad-9bdd-2b0d7b110004",
              "label": "canines",
              "members": [
                {
                  "id": "9b1deb4d-3b7d-4bad-9bdd-2b0d7b110002",
                  "type": "term",
                },
              ],
            },
            {
              "children": [
                {
                  "children": [],
                  "id": "9b1deb4d-3b7d-4bad-9bdd-2b0d7b110006",
                  "label": "big cats",
                  "members": [],
                },
                {
                  "children": [],
                  "id": "9b1deb4d-3b7d-4bad-9bdd-2b0d7b110007",
                  "label": "domestic cats",
                  "members": [
                    {
                      "id": "9b1deb4d-3b7d-4bad-9bdd-2b0d7b110002",
                      "type": "vocabularyList",
                    },
                    {
                      "id": "9b1deb4d-3b7d-4bad-9bdd-2b0d7b110000",
                      "type": "photograph",
                    },
                  ],
                },
              ],
              "id": "9b1deb4d-3b7d-4bad-9bdd-2b0d7b110005",
              "label": "felines",
              "members": [],
            },
            {
              "children": [],
              "id": "9b1deb4d-3b7d-4bad-9bdd-2b0d7b110011",
              "label": "rodents",
              "members": [
                {
                  "id": "9b1deb4d-3b7d-4bad-9bdd-2b0d7b110024",
                  "type": "book",
                },
              ],
            },
          ],
          "id": "9b1deb4d-3b7d-4bad-9bdd-2b0d7b110002",
          "label": "mammals",
          "members": [
            {
              "id": "9b1deb4d-3b7d-4bad-9bdd-2b0d7b110001",
              "type": "term",
            },
            {
              "id": "9b1deb4d-3b7d-4bad-9bdd-2b0d7b110023",
              "type": "book",
            },
            {
              "id": "9b1deb4d-3b7d-4bad-9bdd-2b0d7b110001",
              "type": "song",
            },
          ],
        },
        {
          "children": [],
          "id": "9b1deb4d-3b7d-4bad-9bdd-2b0d7b110003",
          "label": "birds",
          "members": [
            {
              "id": "9b1deb4d-3b7d-4bad-9bdd-2b0d7b110223",
              "type": "video",
            },
          ],
        },
      ],
      "id": "9b1deb4d-3b7d-4bad-9bdd-2b0d7b110001",
      "label": "animals",
      "members": [
        {
          "id": "9b1deb4d-3b7d-4bad-9bdd-2b0d7b110001",
          "type": "vocabularyList",
        },
      ],
    },
    {
      "children": [
        {
          "children": [
            {
              "children": [
                {
                  "children": [],
                  "id": "9b1deb4d-3b7d-4bad-9bdd-2b0d7b110015",
                  "label": "tools",
                  "members": [
                    {
                      "id": "9b1deb4d-3b7d-4bad-9bdd-2b0d7b110110",
                      "type": "audioItem",
                    },
                  ],
                },
              ],
              "id": "9b1deb4d-3b7d-4bad-9bdd-2b0d7b110016",
              "label": "adornments",
              "members": [],
            },
            {
              "children": [],
              "id": "9b1deb4d-3b7d-4bad-9bdd-2b0d7b110017",
              "label": "clothing",
              "members": [
                {
                  "id": "9b1deb4d-3b7d-4bad-9bdd-2b0d7b110001",
                  "type": "note",
                },
                {
                  "id": "9b1deb4d-3b7d-4bad-9bdd-2b0d7b110501",
                  "type": "playlist",
                },
              ],
            },
            {
              "children": [],
              "id": "9b1deb4d-3b7d-4bad-9bdd-2b0d7b110018",
              "label": "tools",
              "members": [],
            },
          ],
          "id": "9b1deb4d-3b7d-4bad-9bdd-2b0d7b110013",
          "label": "props",
          "members": [],
        },
        {
          "children": [],
          "id": "9b1deb4d-3b7d-4bad-9bdd-2b0d7b110014",
          "label": "wardrobe",
          "members": [],
        },
      ],
      "id": "9b1deb4d-3b7d-4bad-9bdd-2b0d7b110012",
      "label": "film",
      "members": [],
    },
  ],
  "id": "9b1deb4d-3b7d-4bad-9bdd-2b0d7b110000",
  "label": "tree of knowledge",
  "members": [],
}
`;
