// Jest Snapshot v1, https://goo.gl/fbAQLP

exports[`Aggregate factories when attempting to build an instance of type: book from a DTO when the DTO is valid valid book should succeed 1`] = `
Book {
  "author": "John Doeburg",
  "eventHistory": Array [],
  "getCompositeIdentifier": [Function],
  "id": "23",
  "pages": Array [
    BookPage {
      "identifier": "1",
      "text": "foo",
      "translation": "dee foo",
    },
    BookPage {
      "identifier": "2",
      "text": "blah blah blah",
      "translation": "blahas",
    },
  ],
  "publicationDate": "2002",
  "published": true,
  "queryAccessControlList": AccessControlList {
    "allowedGroupIds": Array [],
    "allowedUserIds": Array [],
  },
  "subtitle": "The wolf's revenge",
  "title": "Three Little Pigs",
  "type": "book",
}
`;

exports[`Aggregate factories when attempting to build an instance of type: term from a DTO when the DTO is valid when the dto is valid should succeed 1`] = `
Term {
  "audioFilename": undefined,
  "contributorId": "John Doe",
  "eventHistory": Array [],
  "getCompositeIdentifier": [Function],
  "id": "1",
  "published": true,
  "queryAccessControlList": AccessControlList {
    "allowedGroupIds": Array [],
    "allowedUserIds": Array [],
  },
  "sourceProject": undefined,
  "term": "Chil-term-1",
  "termEnglish": "Engl-term-1",
  "type": "term",
}
`;
