// Jest Snapshot v1, https://goo.gl/fbAQLP

exports[`GET  (fetch view models) When querying for a single View Model by ID GET /resources/audioItems/:id when the resource is published when an resource with the id exists should return the expected response 1`] = `
{
  "accessControlList": {
    "allowedGroupIds": [],
    "allowedUserIds": [],
  },
  "actions": [],
  "audioURL": "https://www.testapi.coscrad.org/api/resources/mediaItems/download/9b1deb4d-3b7d-4bad-9bdd-2b0d7b110001",
  "contributions": [],
  "id": "9b1deb4d-3b7d-4bad-9bdd-2b0d7b110110",
  "isPublished": false,
  "lengthMilliseconds": 20000,
  "mimeType": "audio/wav",
  "name": {
    "items": [
      {
        "languageCode": "en",
        "role": "original",
        "text": "The Wooden Boy",
      },
    ],
  },
  "tags": [
    {
      "id": "9b1deb4d-3b7d-4bad-9bdd-2b0d7b110003",
      "label": "placenames",
      "members": [
        {
          "id": "9b1deb4d-3b7d-4bad-9bdd-2b0d7b110000",
          "type": "photograph",
        },
        {
          "id": "9b1deb4d-3b7d-4bad-9bdd-2b0d7b110110",
          "type": "audioItem",
        },
        {
          "id": "9b1deb4d-3b7d-4bad-9bdd-2b0d7b112003",
          "type": "note",
        },
        {
          "id": "9b1deb4d-3b7d-4bad-9bdd-2b0d7b110005",
          "type": "note",
        },
      ],
      "name": {
        "items": [
          {
            "languageCode": "en",
            "role": "original",
            "text": "placenames",
          },
        ],
      },
    },
  ],
  "text": "[12000] [JHC] There once was a little wooden boy. {en} (role: original) [15550]
[18300] [JHC] His name was Pinocchio {en} (role: original) [19240]",
}
`;

exports[`GET  (fetch view models) When querying for a single View Model by ID GET /resources/bibliographicCitations/:id when the resource is published when an resource with the id exists should return the expected response 1`] = `
{
  "actions": [],
  "contributions": [],
  "data": {
    "abstract": "This is the abstract, NOT a general note!",
    "creators": [
      {
        "name": "Alana Duvernay",
        "type": "author",
      },
      {
        "name": "James Smith",
        "type": "author",
      },
    ],
    "isbn": "978-1-895811-34-6",
    "numberOfPages": 455,
    "place": "Kennebunk Port, Maine",
    "publisher": "Atlantic Publishing",
    "title": "A Day in the Life",
    "type": "book",
    "url": "https://coscrad.org/wp-content/uploads/2023/05/mock-book-bibliographic-citation-1_a-day-in-the-life.pdf",
    "year": 1999,
  },
  "id": "9b1deb4d-3b7d-4bad-9bdd-2b0d7b110001",
  "name": {
    "items": [
      {
        "languageCode": "en",
        "role": "original",
        "text": "A Day in the Life",
      },
    ],
  },
  "tags": [
    {
      "id": "9b1deb4d-3b7d-4bad-9bdd-2b0d7b110002",
      "label": "animals",
      "members": [
        {
          "id": "9b1deb4d-3b7d-4bad-9bdd-2b0d7b110002",
          "type": "term",
        },
        {
          "id": "9b1deb4d-3b7d-4bad-9bdd-2b0d7b110003",
          "type": "term",
        },
        {
          "id": "9b1deb4d-3b7d-4bad-9bdd-2b0d7b110102",
          "type": "spatialFeature",
        },
        {
          "id": "9b1deb4d-3b7d-4bad-9bdd-2b0d7b112004",
          "type": "note",
        },
        {
          "id": "9b1deb4d-3b7d-4bad-9bdd-2b0d7b110007",
          "type": "note",
        },
        {
          "id": "9b1deb4d-3b7d-4bad-9bdd-2b0d7b110001",
          "type": "bibliographicCitation",
        },
        {
          "id": "9b1deb4d-3b7d-4bad-9bdd-2b0d7b110223",
          "type": "video",
        },
        {
          "id": "9b1deb4d-3b7d-4bad-9bdd-2b0d7b110951",
          "type": "digitalText",
        },
      ],
      "name": {
        "items": [
          {
            "languageCode": "en",
            "role": "original",
            "text": "animals",
          },
        ],
      },
    },
  ],
}
`;

exports[`GET  (fetch view models) When querying for a single View Model by ID GET /resources/mediaItems/:id when the resource is published when an resource with the id exists should return the expected response 1`] = `
{
  "actions": [],
  "id": "9b1deb4d-3b7d-4bad-9bdd-2b0d7b110009",
  "mimeType": "audio/wav",
  "name": {
    "items": [
      {
        "languageCode": "clc",
        "role": "original",
        "text": "No Light",
      },
    ],
  },
  "tags": [],
  "url": "https://www.testapi.coscrad.org/api/resources/mediaItems/download/9b1deb4d-3b7d-4bad-9bdd-2b0d7b110009",
}
`;

exports[`GET  (fetch view models) When querying for a single View Model by ID GET /resources/playlists/:id when the resource is published when an resource with the id exists should return the expected response 1`] = `
{
  "actions": [],
  "contributions": [],
  "episodes": [
    {
      "mediaItemUrl": "/resources/mediaItems/download/9b1deb4d-3b7d-4bad-9bdd-2b0d7b110001",
      "mimeType": "audio/wav",
      "name": "The Wooden Boy {en} (role: original)",
    },
    {
      "mediaItemUrl": "/resources/mediaItems/download/9b1deb4d-3b7d-4bad-9bdd-2b0d7b110003",
      "mimeType": "audio/mpeg",
      "name": "Down at the River {clc} (role: original)",
    },
  ],
  "id": "9b1deb4d-3b7d-4bad-9bdd-2b0d7b110501",
  "name": {
    "items": [
      {
        "languageCode": "clc",
        "role": "original",
        "text": "Blake's jams",
      },
    ],
  },
  "tags": [
    {
      "id": "9b1deb4d-3b7d-4bad-9bdd-2b0d7b110006",
      "label": "law",
      "members": [
        {
          "id": "9b1deb4d-3b7d-4bad-9bdd-2b0d7b110003",
          "type": "bibliographicCitation",
        },
        {
          "id": "9b1deb4d-3b7d-4bad-9bdd-2b0d7b110501",
          "type": "playlist",
        },
      ],
      "name": {
        "items": [
          {
            "languageCode": "en",
            "role": "original",
            "text": "law",
          },
        ],
      },
    },
  ],
}
`;

exports[`GET  (fetch view models) When querying for a single View Model by ID GET /resources/spatialFeatures/:id when the resource is published when an resource with the id exists should return the expected response 1`] = `
{
  "actions": [],
  "geometry": {
    "coordinates": [
      54.034404852745006,
      -132.17563335558532,
    ],
    "type": "Point",
  },
  "id": "9b1deb4d-3b7d-4bad-9bdd-2b0d7b110100",
  "name": {
    "items": [
      {
        "languageCode": "en",
        "role": "original",
        "text": "Name of Point with ID: 100",
      },
    ],
  },
  "properties": {
    "description": "Description for point 100",
    "imageUrl": "https://coscrad.org/wp-content/uploads/2023/05/evergreen-2025158_1280.png",
    "name": "Name of Point with ID: 100",
  },
  "tags": [
    {
      "id": "9b1deb4d-3b7d-4bad-9bdd-2b0d7b110001",
      "label": "plants",
      "members": [
        {
          "id": "9b1deb4d-3b7d-4bad-9bdd-2b0d7b110001",
          "type": "term",
        },
        {
          "id": "9b1deb4d-3b7d-4bad-9bdd-2b0d7b110001",
          "type": "vocabularyList",
        },
        {
          "id": "9b1deb4d-3b7d-4bad-9bdd-2b0d7b110100",
          "type": "spatialFeature",
        },
        {
          "id": "9b1deb4d-3b7d-4bad-9bdd-2b0d7b112005",
          "type": "note",
        },
        {
          "id": "9b1deb4d-3b7d-4bad-9bdd-2b0d7b110009",
          "type": "note",
        },
        {
          "id": "9b1deb4d-3b7d-4bad-9bdd-2b0d7b110011",
          "type": "note",
        },
        {
          "id": "9b1deb4d-3b7d-4bad-9bdd-2b0d7b110950",
          "type": "digitalText",
        },
      ],
      "name": {
        "items": [
          {
            "languageCode": "en",
            "role": "original",
            "text": "plants",
          },
        ],
      },
    },
  ],
}
`;

exports[`GET  (fetch view models) When querying for a single View Model by ID GET /resources/videos/:id when the resource is published when an resource with the id exists should return the expected response 1`] = `
{
  "actions": [],
  "contributions": [],
  "id": "9b1deb4d-3b7d-4bad-9bdd-2b0d7b110223",
  "lengthMilliseconds": 20000,
  "mimeType": "video/mp4",
  "name": {
    "items": [
      {
        "languageCode": "en",
        "role": "original",
        "text": "The Demonstration",
      },
    ],
  },
  "tags": [],
  "transcript": {
    "items": [
      {
        "inPointMilliseconds": 12000,
        "outPointMilliseconds": 15550,
        "speakerInitials": "DM",
        "text": {
          "items": [
            {
              "languageCode": "en",
              "role": "original",
              "text": "This is how.",
            },
          ],
        },
      },
      {
        "inPointMilliseconds": 18300,
        "outPointMilliseconds": 19240,
        "speakerInitials": "DM",
        "text": {
          "items": [
            {
              "languageCode": "en",
              "role": "original",
              "text": "It is done",
            },
          ],
        },
      },
    ],
    "participants": [
      {
        "initials": "DM",
        "name": "Dee Monstrator",
      },
    ],
  },
  "videoUrl": "/resources/mediaItems/download/9b1deb4d-3b7d-4bad-9bdd-2b0d7b110002",
}
`;
