// Jest Snapshot v1, https://goo.gl/fbAQLP

exports[`buildCommandForm should return the expected result 1`] = `
Object {
  "fields": Array [
    Object {
      "constraints": Array [
        Object {
          "message": "must be a non-empty string",
          "name": "non-empty string",
        },
      ],
      "description": "title of the media item in the language",
      "label": "title (language)",
      "name": "title",
      "type": "TEXT_FIELD",
    },
    Object {
      "constraints": Array [
        Object {
          "message": "must be a non-empty string",
          "name": "non-empty string",
        },
      ],
      "description": "title of the media item in the colonial language",
      "label": "title (colonial language)",
      "name": "titleEnglish",
      "type": "TEXT_FIELD",
    },
    Object {
      "constraints": Array [
        Object {
          "message": "must be a URL",
          "name": "URL",
        },
      ],
      "description": "a web URL link to a digital version of this media item for playback",
      "label": "audio link",
      "name": "url",
      "type": "TEXT_FIELD",
    },
    Object {
      "constraints": Array [
        Object {
          "message": "Must be a valid \${propertyLabel}",
          "name": "IS_ENUM",
        },
      ],
      "description": "technical specification of the type of this media item",
      "label": "MIME Type",
      "name": "mimeType",
      "options": Array [
        Object {
          "display": "mp3",
          "value": "audio/mpeg",
        },
        Object {
          "display": "mp4",
          "value": "video/mp4",
        },
      ],
      "type": "STATIC_SELECT",
    },
    Object {
      "constraints": Array [
        Object {
          "message": "must be a object",
          "name": "object",
        },
      ],
      "description": "raw data from a third-party system for posterity",
      "label": "raw data",
      "name": "rawData",
      "type": "JSON_INPUT",
    },
  ],
  "prepopulatedFields": Object {},
}
`;
